// Jest Snapshot v1, https://goo.gl/fbAQLP

exports[`snapshots Details snapshots 1`] = `
<Styled(MuiBox)
  className="makeStyles-root-1"
>
  <Styled(MuiBox)
    width="100%"
  >
    <WithStyles(ForwardRef(Typography))
      className="makeStyles-value-2"
    >
      1
    </WithStyles(ForwardRef(Typography))>
    <WithStyles(ForwardRef(Typography))
      className="makeStyles-value-2"
    >
      2
    </WithStyles(ForwardRef(Typography))>
    <WithStyles(ForwardRef(Typography))
      className="makeStyles-value-2"
    >
      3
    </WithStyles(ForwardRef(Typography))>
    <WithStyles(ForwardRef(Typography))
      className="makeStyles-value-2"
    >
      4
    </WithStyles(ForwardRef(Typography))>
    <WithStyles(ForwardRef(Typography))
      className="makeStyles-value-2"
    >
      5
    </WithStyles(ForwardRef(Typography))>
    <WithStyles(ForwardRef(Typography))
      className="makeStyles-value-2"
    >
      6
    </WithStyles(ForwardRef(Typography))>
  </Styled(MuiBox)>
  <Styled(MuiBox)
    display="flex"
    flexDirection="column"
    width="100%"
  >
    <Link
      className="makeStyles-link-3"
      target="_blank"
      to={[Function]}
    >
      <WithStyles(ForwardRef(Typography))
        className="makeStyles-text-4"
      >
        <PeopleIcon
          className="makeStyles-icon-5"
          size={16}
          verticalAlign="text-bottom"
        />
        followers
      </WithStyles(ForwardRef(Typography))>
    </Link>
    <Link
      className="makeStyles-link-3"
      target="_blank"
      to={[Function]}
    >
      <WithStyles(ForwardRef(Typography))
        className="makeStyles-text-4"
      >
        <PeopleIcon
          className="makeStyles-icon-5"
          size={16}
          verticalAlign="text-bottom"
        />
        following
      </WithStyles(ForwardRef(Typography))>
    </Link>
    <Link
      className="makeStyles-link-3"
      target="_blank"
      to={[Function]}
    >
      <WithStyles(ForwardRef(Typography))
        className="makeStyles-text-4"
      >
        <RepoIcon
          className="makeStyles-icon-5"
          size={16}
          verticalAlign="text-bottom"
        />
        public repositories
      </WithStyles(ForwardRef(Typography))>
    </Link>
    <Link
      className="makeStyles-link-3"
      target="_blank"
      to={[Function]}
    >
      <WithStyles(ForwardRef(Typography))
        className="makeStyles-text-4"
      >
        <StarIcon
          className="makeStyles-icon-5"
          size={16}
          verticalAlign="text-bottom"
        />
        stars
      </WithStyles(ForwardRef(Typography))>
    </Link>
    <WithStyles(ForwardRef(Typography))
      className="makeStyles-text-4"
    >
      <EyeIcon
        className="makeStyles-icon-5"
        size={16}
        verticalAlign="text-bottom"
      />
      watchers
    </WithStyles(ForwardRef(Typography))>
    <WithStyles(ForwardRef(Typography))
      className="makeStyles-text-4"
    >
      <GitForkIcon
        className="makeStyles-icon-5"
        size={16}
        verticalAlign="text-bottom"
      />
      forks
    </WithStyles(ForwardRef(Typography))>
  </Styled(MuiBox)>
</Styled(MuiBox)>
`;
